I'm sorry, but errors were detected in your script. Please correct the
errors listed below, and try again.


The label prologue is defined twice, at
  File "game/prologue.rpy", line 1 and
  File "game/scripts/prologue.rpyc", line 1.

The label start is defined twice, at
  File "game/script.rpy", line 1 and
  File "game/scripts/script.rpyc", line 1.

Ren'Py Version: Ren'Py 7.4.4.1439
Fri Aug 22 17:05:11 2025
